../Core/Src/main.c:84:6:EE_Write	40	static
../Core/Src/main.c:96:12:EE_Read	40	static
../Core/Src/main.c:117:5:main	16	static
../Core/Src/main.c:421:8:Buzzer_Teclas	8	static
../Core/Src/main.c:429:9:INC_Boucing	8	static
../Core/Src/main.c:434:9:DEC_Boucing	8	static
../Core/Src/main.c:439:9:ENTER_Boucing	8	static
../Core/Src/main.c:445:9:start_preset	8	static
../Core/Src/main.c:489:9:start_config	8	static
../Core/Src/main.c:532:9:sys_init	8	static
../Core/Src/main.c:544:9:set_converter	8	static
../Core/Src/main.c:554:9:converter_preset	8	static
../Core/Src/main.c:570:6:SystemClock_Config	72	static
../Core/Src/main.c:607:13:MX_I2C1_Init	8	static
../Core/Src/main.c:641:13:MX_GPIO_Init	40	static
../Core/Src/main.c:693:6:Error_Handler	4	static,ignoring_inline_asm
